Archive member included to satisfy reference by file (symbol)

/usr/local/gcc-arm-none-eabi-5_3-2016q1/bin/../lib/gcc/arm-none-eabi/5.3.1/../../../../arm-none-eabi/lib/armv6-m/libc.a(lib_a-exit.o)
                              /usr/local/gcc-arm-none-eabi-5_3-2016q1/bin/../lib/gcc/arm-none-eabi/5.3.1/../../../../arm-none-eabi/lib/armv6-m/rdimon-crt0.o (exit)
/usr/local/gcc-arm-none-eabi-5_3-2016q1/bin/../lib/gcc/arm-none-eabi/5.3.1/../../../../arm-none-eabi/lib/armv6-m/libc.a(lib_a-impure.o)
                              /usr/local/gcc-arm-none-eabi-5_3-2016q1/bin/../lib/gcc/arm-none-eabi/5.3.1/../../../../arm-none-eabi/lib/armv6-m/libc.a(lib_a-exit.o) (_global_impure_ptr)
/usr/local/gcc-arm-none-eabi-5_3-2016q1/bin/../lib/gcc/arm-none-eabi/5.3.1/../../../../arm-none-eabi/lib/armv6-m/libc.a(lib_a-init.o)
                              /usr/local/gcc-arm-none-eabi-5_3-2016q1/bin/../lib/gcc/arm-none-eabi/5.3.1/../../../../arm-none-eabi/lib/armv6-m/rdimon-crt0.o (__libc_init_array)
/usr/local/gcc-arm-none-eabi-5_3-2016q1/bin/../lib/gcc/arm-none-eabi/5.3.1/../../../../arm-none-eabi/lib/armv6-m/libc.a(lib_a-memset.o)
                              /usr/local/gcc-arm-none-eabi-5_3-2016q1/bin/../lib/gcc/arm-none-eabi/5.3.1/../../../../arm-none-eabi/lib/armv6-m/rdimon-crt0.o (memset)
/usr/local/gcc-arm-none-eabi-5_3-2016q1/bin/../lib/gcc/arm-none-eabi/5.3.1/../../../../arm-none-eabi/lib/armv6-m/libc.a(lib_a-__call_atexit.o)
                              /usr/local/gcc-arm-none-eabi-5_3-2016q1/bin/../lib/gcc/arm-none-eabi/5.3.1/../../../../arm-none-eabi/lib/armv6-m/libc.a(lib_a-exit.o) (__call_exitprocs)
/usr/local/gcc-arm-none-eabi-5_3-2016q1/bin/../lib/gcc/arm-none-eabi/5.3.1/../../../../arm-none-eabi/lib/armv6-m/libc.a(lib_a-atexit.o)
                              /usr/local/gcc-arm-none-eabi-5_3-2016q1/bin/../lib/gcc/arm-none-eabi/5.3.1/../../../../arm-none-eabi/lib/armv6-m/libc.a(lib_a-__call_atexit.o) (atexit)
/usr/local/gcc-arm-none-eabi-5_3-2016q1/bin/../lib/gcc/arm-none-eabi/5.3.1/../../../../arm-none-eabi/lib/armv6-m/libc.a(lib_a-fini.o)
                              /usr/local/gcc-arm-none-eabi-5_3-2016q1/bin/../lib/gcc/arm-none-eabi/5.3.1/../../../../arm-none-eabi/lib/armv6-m/libc.a(lib_a-__call_atexit.o) (__libc_fini_array)
/usr/local/gcc-arm-none-eabi-5_3-2016q1/bin/../lib/gcc/arm-none-eabi/5.3.1/../../../../arm-none-eabi/lib/armv6-m/libc.a(lib_a-__atexit.o)
                              /usr/local/gcc-arm-none-eabi-5_3-2016q1/bin/../lib/gcc/arm-none-eabi/5.3.1/../../../../arm-none-eabi/lib/armv6-m/libc.a(lib_a-atexit.o) (__register_exitproc)
/usr/local/gcc-arm-none-eabi-5_3-2016q1/bin/../lib/gcc/arm-none-eabi/5.3.1/../../../../arm-none-eabi/lib/armv6-m/librdimon.a(rdimon-syscalls.o)
                              /usr/local/gcc-arm-none-eabi-5_3-2016q1/bin/../lib/gcc/arm-none-eabi/5.3.1/../../../../arm-none-eabi/lib/armv6-m/rdimon-crt0.o (initialise_monitor_handles)
/usr/local/gcc-arm-none-eabi-5_3-2016q1/bin/../lib/gcc/arm-none-eabi/5.3.1/../../../../arm-none-eabi/lib/armv6-m/librdimon.a(rdimon-_exit.o)
                              /usr/local/gcc-arm-none-eabi-5_3-2016q1/bin/../lib/gcc/arm-none-eabi/5.3.1/../../../../arm-none-eabi/lib/armv6-m/libc.a(lib_a-exit.o) (_exit)
/usr/local/gcc-arm-none-eabi-5_3-2016q1/bin/../lib/gcc/arm-none-eabi/5.3.1/../../../../arm-none-eabi/lib/armv6-m/librdimon.a(rdimon-_kill.o)
                              /usr/local/gcc-arm-none-eabi-5_3-2016q1/bin/../lib/gcc/arm-none-eabi/5.3.1/../../../../arm-none-eabi/lib/armv6-m/librdimon.a(rdimon-_exit.o) (_kill)
/usr/local/gcc-arm-none-eabi-5_3-2016q1/bin/../lib/gcc/arm-none-eabi/5.3.1/../../../../arm-none-eabi/lib/armv6-m/libc.a(lib_a-errno.o)
                              /usr/local/gcc-arm-none-eabi-5_3-2016q1/bin/../lib/gcc/arm-none-eabi/5.3.1/../../../../arm-none-eabi/lib/armv6-m/librdimon.a(rdimon-syscalls.o) (__errno)
/usr/local/gcc-arm-none-eabi-5_3-2016q1/bin/../lib/gcc/arm-none-eabi/5.3.1/../../../../arm-none-eabi/lib/armv6-m/libc.a(lib_a-findfp.o)
                              /usr/local/gcc-arm-none-eabi-5_3-2016q1/bin/../lib/gcc/arm-none-eabi/5.3.1/../../../../arm-none-eabi/lib/armv6-m/librdimon.a(rdimon-syscalls.o) (__sinit)
/usr/local/gcc-arm-none-eabi-5_3-2016q1/bin/../lib/gcc/arm-none-eabi/5.3.1/../../../../arm-none-eabi/lib/armv6-m/libc.a(lib_a-fwalk.o)
                              /usr/local/gcc-arm-none-eabi-5_3-2016q1/bin/../lib/gcc/arm-none-eabi/5.3.1/../../../../arm-none-eabi/lib/armv6-m/libc.a(lib_a-findfp.o) (_fwalk)
/usr/local/gcc-arm-none-eabi-5_3-2016q1/bin/../lib/gcc/arm-none-eabi/5.3.1/../../../../arm-none-eabi/lib/armv6-m/libc.a(lib_a-mallocr.o)
                              /usr/local/gcc-arm-none-eabi-5_3-2016q1/bin/../lib/gcc/arm-none-eabi/5.3.1/../../../../arm-none-eabi/lib/armv6-m/libc.a(lib_a-findfp.o) (_malloc_r)
/usr/local/gcc-arm-none-eabi-5_3-2016q1/bin/../lib/gcc/arm-none-eabi/5.3.1/../../../../arm-none-eabi/lib/armv6-m/libc.a(lib_a-mlock.o)
[...]
Memory Configuration

Name             Origin             Length             Attributes
FLASH            0x08000000         0x00010000         xr
RAM              0x20000000         0x00002000         xrw
*default*        0x00000000         0xffffffff

Linker script and memory map

LOAD /usr/local/gcc-arm-none-eabi-5_3-2016q1/bin/../lib/gcc/arm-none-eabi/5.3.1/armv6-m/crti.o
LOAD /usr/local/gcc-arm-none-eabi-5_3-2016q1/bin/../lib/gcc/arm-none-eabi/5.3.1/armv6-m/crtbegin.o
LOAD /usr/local/gcc-arm-none-eabi-5_3-2016q1/bin/../lib/gcc/arm-none-eabi/5.3.1/../../../../arm-none-eabi/lib/armv6-m/rdimon-crt0.o
START GROUP
LOAD /usr/local/gcc-arm-none-eabi-5_3-2016q1/bin/../lib/gcc/arm-none-eabi/5.3.1/armv6-m/libgcc.a
LOAD /usr/local/gcc-arm-none-eabi-5_3-2016q1/bin/../lib/gcc/arm-none-eabi/5.3.1/../../../../arm-none-eabi/lib/armv6-m/libc.a
LOAD /usr/local/gcc-arm-none-eabi-5_3-2016q1/bin/../lib/gcc/arm-none-eabi/5.3.1/../../../../arm-none-eabi/lib/armv6-m/libm.a
LOAD /usr/local/gcc-arm-none-eabi-5_3-2016q1/bin/../lib/gcc/arm-none-eabi/5.3.1/../../../../arm-none-eabi/lib/armv6-m/librdimon.a
END GROUP
LOAD /tmp/ccKUwpT9.o
LOAD /tmp/ccnxjVCb.o
LOAD /tmp/ccootoxi.o
LOAD /tmp/cctLA6zn.o
LOAD Libraries/libstm32f0.a
START GROUP
LOAD /usr/local/gcc-arm-none-eabi-5_3-2016q1/bin/../lib/gcc/arm-none-eabi/5.3.1/armv6-m/libgcc.a
LOAD /usr/local/gcc-arm-none-eabi-5_3-2016q1/bin/../lib/gcc/arm-none-eabi/5.3.1/../../../../arm-none-eabi/lib/armv6-m/libg.a
LOAD /usr/local/gcc-arm-none-eabi-5_3-2016q1/bin/../lib/gcc/arm-none-eabi/5.3.1/../../../../arm-none-eabi/lib/armv6-m/libc.a
END GROUP
START GROUP
LOAD /usr/local/gcc-arm-none-eabi-5_3-2016q1/bin/../lib/gcc/arm-none-eabi/5.3.1/armv6-m/libgcc.a
LOAD /usr/local/gcc-arm-none-eabi-5_3-2016q1/bin/../lib/gcc/arm-none-eabi/5.3.1/../../../../arm-none-eabi/lib/armv6-m/libc.a
LOAD /usr/local/gcc-arm-none-eabi-5_3-2016q1/bin/../lib/gcc/arm-none-eabi/5.3.1/../../../../arm-none-eabi/lib/armv6-m/librdimon.a
END GROUP
LOAD /usr/local/gcc-arm-none-eabi-5_3-2016q1/bin/../lib/gcc/arm-none-eabi/5.3.1/armv6-m/crtend.o
LOAD /usr/local/gcc-arm-none-eabi-5_3-2016q1/bin/../lib/gcc/arm-none-eabi/5.3.1/armv6-m/crtn.o
                0x20002000                _estack = 0x20002000

.isr_vector     0x08000000       0xc4
                0x08000000                . = ALIGN (0x4)
 *(.isr_vector)
 .isr_vector    0x08000000       0xc4 /tmp/cctLA6zn.o
                0x08000000                g_pfnVectors
                0x080000c4                . = ALIGN (0x4)

.text           0x080000c4     0x1be4
                0x080000c4                . = ALIGN (0x4)
 *(.text)
 .text          0x080000c4      0x208 Libraries/libstm32f0.a(stm32f0xx_gpio.o)
                0x080000c4                GPIO_DeInit
                0x08000168                GPIO_Init
                0x08000224                GPIO_StructInit
                0x0800023c                GPIO_PinLockConfig
                0x08000260                GPIO_ReadInputDataBit
                0x08000270                GPIO_ReadInputData
                0x08000278                GPIO_ReadOutputDataBit
                0x08000288                GPIO_ReadOutputData
                0x08000290                GPIO_SetBits
                0x08000294                GPIO_ResetBits
                0x08000298                GPIO_WriteBit
                0x080002a4                GPIO_Write
                0x080002a8                GPIO_PinAFConfig
 .text          0x080002cc       0x94 Libraries/libstm32f0.a(stm32f0xx_misc.o)
                0x080002cc                NVIC_Init
                0x08000328                NVIC_SystemLPConfig
                0x08000340                SysTick_CLKSourceConfig
 .text          0x08000360      0x56c Libraries/libstm32f0.a(stm32f0xx_rcc.o)
                0x08000360                RCC_DeInit
                0x080003c0                RCC_HSEConfig
                0x080003d0                RCC_WaitForHSEStartUp
                0x0800040c                RCC_AdjustHSICalibrationValue
                0x08000420                RCC_HSICmd
                0x08000440                RCC_AdjustHSI14CalibrationValue
                0x08000454                RCC_HSI14Cmd
                0x08000474                RCC_HSI14ADCRequestCmd
                0x08000494                RCC_LSEConfig
                0x080004b4                RCC_LSEDriveConfig
                0x080004cc                RCC_LSICmd
                0x080004ec                RCC_PLLConfig
                0x0800050c                RCC_PLLCmd
                0x08000530                RCC_PREDIV1Config
                0x08000544                RCC_ClockSecuritySystemCmd
                0x08000568                RCC_MCOConfig
                0x08000574                RCC_SYSCLKConfig
                0x08000588                RCC_GetSYSCLKSource
                0x08000598                RCC_HCLKConfig
                0x080005ac                RCC_PCLKConfig
                0x080005c4                RCC_ADCCLKConfig
                0x080005f8                RCC_CECCLKConfig
                0x08000610                RCC_I2CCLKConfig
                0x08000628                RCC_USARTCLKConfig
                0x08000640                RCC_GetClocksFreq
                0x08000748                RCC_RTCCLKConfig
                0x08000758                RCC_RTCCLKCmd
                0x0800077c                RCC_BackupResetCmd
                0x080007a0                RCC_AHBPeriphClockCmd
                0x080007bc                RCC_APB2PeriphClockCmd
                0x080007d8                RCC_APB1PeriphClockCmd
                0x080007f4                RCC_AHBPeriphResetCmd
                0x08000810                RCC_APB2PeriphResetCmd
                0x0800082c                RCC_APB1PeriphResetCmd
                0x08000848                RCC_ITConfig
                0x08000864                RCC_GetFlagStatus
                0x08000898                RCC_ClearFlag
                0x080008ac                RCC_GetITStatus
                0x080008c0                RCC_ClearITPendingBit
 .text          0x080008cc      0xbe4 Libraries/libstm32f0.a(stm32f0xx_tim.o)
                0x080008cc                TIM_DeInit
                0x080009c4                TIM_TimeBaseInit
                0x08000a60                TIM_TimeBaseStructInit
                0x08000a74                TIM_PrescalerConfig
                0x08000a7c                TIM_CounterModeConfig
                0x08000a88                TIM_SetCounter
                0x08000a8c                TIM_SetAutoreload
                0x08000a90                TIM_GetCounter
                0x08000a94                TIM_GetPrescaler
                0x08000a9c                TIM_UpdateDisableConfig
                0x08000ab4                TIM_UpdateRequestConfig
                0x08000acc                TIM_ARRPreloadConfig
                0x08000ae4                TIM_SelectOnePulseMode
                0x08000af4                TIM_SetClockDivision
                0x08000b08                TIM_Cmd
                0x08000b20                TIM_BDTRConfig
                0x08000b40                TIM_BDTRStructInit
                0x08000b54                TIM_CtrlPWMOutputs
                0x08000b70                TIM_OC1Init
                0x08000bf0                TIM_OC2Init
                0x08000c70                TIM_OC3Init
                0x08000cf4                TIM_OC4Init
                0x08000d5c                TIM_OCStructInit
                0x08000d70                TIM_SelectOCxM
                0x08000dbc                TIM_SetCompare1
                0x08000dc0                TIM_SetCompare2
                0x08000dc4                TIM_SetCompare3
                0x08000dc8                TIM_SetCompare4
                0x08000dcc                TIM_ForcedOC1Config
                0x08000dd8                TIM_ForcedOC2Config
                0x08000dec                TIM_ForcedOC3Config
                0x08000df8                TIM_ForcedOC4Config
                0x08000e0c                TIM_CCPreloadControl
                0x08000e24                TIM_OC1PreloadConfig
                0x08000e30                TIM_OC2PreloadConfig
                0x08000e44                TIM_OC3PreloadConfig
                0x08000e50                TIM_OC4PreloadConfig
                0x08000e64                TIM_OC1FastConfig
                0x08000e70                TIM_OC2FastConfig
                0x08000e84                TIM_OC3FastConfig
                0x08000e90                TIM_OC4FastConfig
                0x08000ea4                TIM_ClearOC1Ref
                0x08000eb0                TIM_ClearOC2Ref
                0x08000ec0                TIM_ClearOC3Ref
                0x08000ecc                TIM_ClearOC4Ref
                0x08000edc                TIM_OC1PolarityConfig
                0x08000ee8                TIM_OC1NPolarityConfig
                0x08000ef4                TIM_OC2PolarityConfig
                0x08000f04                TIM_OC2NPolarityConfig
                0x08000f14                TIM_OC3PolarityConfig
                0x08000f28                TIM_OC3NPolarityConfig
                0x08000f3c                TIM_OC4PolarityConfig
                0x08000f50                TIM_SelectOCREFClear
                0x08000f60                TIM_CCxCmd
                0x08000f78                TIM_CCxNCmd
                0x08000f90                TIM_SelectCOM
                0x08000fa8                TIM_ICInit
                0x080010f4                TIM_ICStructInit
                0x08001104                TIM_PWMIConfig
                0x0800125c                TIM_GetCapture1
                0x08001260                TIM_GetCapture2
                0x08001264                TIM_GetCapture3
                0x08001268                TIM_GetCapture4
                0x0800126c                TIM_SetIC1Prescaler
                0x0800127c                TIM_SetIC2Prescaler
                0x08001294                TIM_SetIC3Prescaler
                0x080012a4                TIM_SetIC4Prescaler
                0x080012bc                TIM_GenerateEvent
                0x080012c0                TIM_GetFlagStatus
                0x080012d0                TIM_ClearFlag
                0x080012d8                TIM_GetITStatus
                0x080012f0                TIM_ClearITPendingBit
                0x080012f8                TIM_DMAConfig
                0x08001300                TIM_DMACmd
                0x08001314                TIM_ITConfig
                0x0800131c                TIM_SelectCCDMA
                0x08001334                TIM_InternalClockConfig
                0x08001340                TIM_ITRxExternalClockConfig
                0x08001354                TIM_TIxExternalClockConfig
                0x080013cc                TIM_ETRClockMode1Config
                0x080013ec                TIM_ETRClockMode2Config
                0x0800140c                TIM_SelectInputTrigger
                0x08001418                TIM_SelectOutputTrigger
                0x08001428                TIM_SelectSlaveMode
                0x08001438                TIM_SelectMasterSlaveMode
                0x08001448                TIM_ETRConfig
                0x08001460                TIM_EncoderInterfaceConfig
                0x08001490                TIM_SelectHallSensor
                0x080014a8                TIM_RemapConfig
 .text          0x080014b0      0x114 /usr/local/gcc-arm-none-eabi-5_3-2016q1/bin/../lib/gcc/arm-none-eabi/5.3.1/armv6-m/libgcc.a(_udivsi3.o)
                0x080014b0                __udivsi3
                0x080014b0                __aeabi_uidiv
                0x080015bc                __aeabi_uidivmod
 .text          0x080015c4        0x4 /usr/local/gcc-arm-none-eabi-5_3-2016q1/bin/../lib/gcc/arm-none-eabi/5.3.1/armv6-m/libgcc.a(_dvmd_tls.o)
                0x080015c4                __aeabi_ldiv0
                0x080015c4                __aeabi_idiv0
 *(.text.*)
 .text.__libc_init_array
                0x080015c8       0x48 /usr/local/gcc-arm-none-eabi-5_3-2016q1/bin/../lib/gcc/arm-none-eabi/5.3.1/../../../../arm-none-eabi/lib/armv6-m/libc.a(lib_a-init.o)
                0x080015c8                __libc_init_array
 .text.initTimer1
                0x08001610       0x90 /tmp/ccKUwpT9.o
                0x08001610                initTimer1
 .text.initTimer2
                0x080016a0       0xbc /tmp/ccKUwpT9.o
                0x080016a0                initTimer2
 .text.initTimer3
                0x0800175c       0x88 /tmp/ccKUwpT9.o
                0x0800175c                initTimer3
 .text.initButtons
                0x080017e4       0x58 /tmp/ccKUwpT9.o
                0x080017e4                initButtons
 .text.delay    0x0800183c       0x28 /tmp/ccKUwpT9.o
                0x0800183c                delay
 .text.displayLCD
                0x08001864       0x30 /tmp/ccKUwpT9.o
                0x08001864                displayLCD
 .text.startup.main
                0x08001894       0x34 /tmp/ccKUwpT9.o
                0x08001894                main
 .text.TIM1_CC_IRQHandler
                0x080018c8       0x94 /tmp/ccKUwpT9.o
                0x080018c8                TIM1_CC_IRQHandler
 .text.SystemInit
                0x0800195c       0xb8 /tmp/ccnxjVCb.o
                0x0800195c                SystemInit
 .text.delay    0x08001a14       0x20 /tmp/ccootoxi.o
 .text.pulse_strobe
                0x08001a34       0x30 /tmp/ccootoxi.o
 .text.lcd_put  0x08001a64       0xf8 /tmp/ccootoxi.o
 .text.lcd_string
                0x08001b5c       0x18 /tmp/ccootoxi.o
                0x08001b5c                lcd_string
 .text.lcd_command
                0x08001b74       0x14 /tmp/ccootoxi.o
                0x08001b74                lcd_command
 .text.lcd_init
                0x08001b88       0x9c /tmp/ccootoxi.o
                0x08001b88                lcd_init
 .text.Reset_Handler
                0x08001c24       0x50 /tmp/cctLA6zn.o
                0x08001c24                Reset_Handler
 .text.Default_Handler
                0x08001c74        0x2 /tmp/cctLA6zn.o
                0x08001c74                HardFault_Handler
                0x08001c74                ADC1_COMP_IRQHandler
                0x08001c74                SysTick_Handler
                0x08001c74                PVD_IRQHandler
                0x08001c74                PendSV_Handler
                0x08001c74                NMI_Handler
                0x08001c74                I2C1_IRQHandler
                0x08001c74                SPI1_IRQHandler
                0x08001c74                TIM6_DAC_IRQHandler
                0x08001c74                EXTI2_3_IRQHandler
                0x08001c74                I2C2_IRQHandler
                0x08001c74                TIM17_IRQHandler
                0x08001c74                RTC_IRQHandler
                0x08001c74                TIM16_IRQHandler
                0x08001c74                TIM3_IRQHandler
                0x08001c74                EXTI4_15_IRQHandler
                0x08001c74                RCC_IRQHandler
                0x08001c74                DMA1_Channel1_IRQHandler
                0x08001c74                Default_Handler
                0x08001c74                CEC_IRQHandler
                0x08001c74                TIM14_IRQHandler
                0x08001c74                DMA1_Channel4_5_IRQHandler
                0x08001c74                TIM15_IRQHandler
                0x08001c74                EXTI0_1_IRQHandler
                0x08001c74                SPI2_IRQHandler
                0x08001c74                SVC_Handler
                0x08001c74                TS_IRQHandler
                0x08001c74                WWDG_IRQHandler
                0x08001c74                TIM2_IRQHandler
                0x08001c74                DMA1_Channel2_3_IRQHandler
                0x08001c74                USART2_IRQHandler
                0x08001c74                FLASH_IRQHandler
                0x08001c74                USART1_IRQHandler
                0x08001c74                TIM1_BRK_UP_TRG_COM_IRQHandler
 *(.rodata)
 *(.rodata*)
 .rodata.str1.1
                0x08001c76       0x1a /tmp/ccKUwpT9.o
 *(.glue_7)
 .glue_7        0x08001c90        0x0 linker stubs
 *(.glue_7t)
 .glue_7t       0x08001c90        0x0 linker stubs
 *(.init)
 .init          0x08001c90        0x4 /usr/local/gcc-arm-none-eabi-5_3-2016q1/bin/../lib/gcc/arm-none-eabi/5.3.1/armv6-m/crti.o
                0x08001c90                _init
 .init          0x08001c94        0x8 /usr/local/gcc-arm-none-eabi-5_3-2016q1/bin/../lib/gcc/arm-none-eabi/5.3.1/armv6-m/crtn.o
 *(.fini)
 .fini          0x08001c9c        0x4 /usr/local/gcc-arm-none-eabi-5_3-2016q1/bin/../lib/gcc/arm-none-eabi/5.3.1/armv6-m/crti.o
                0x08001c9c                _fini
 .fini          0x08001ca0        0x8 /usr/local/gcc-arm-none-eabi-5_3-2016q1/bin/../lib/gcc/arm-none-eabi/5.3.1/armv6-m/crtn.o
                0x08001ca8                . = ALIGN (0x4)
                0x08001ca8                _etext = .
                0x08001ca8                _sidata = _etext

.vfp11_veneer   0x08001ca8        0x0
 .vfp11_veneer  0x08001ca8        0x0 linker stubs

.v4_bx          0x08001ca8        0x0
 .v4_bx         0x08001ca8        0x0 linker stubs

.iplt           0x08001ca8        0x0
 .iplt          0x08001ca8        0x0 /usr/local/gcc-arm-none-eabi-5_3-2016q1/bin/../lib/gcc/arm-none-eabi/5.3.1/armv6-m/crtbegin.o

.rel.dyn        0x08001ca8        0x0
 .rel.iplt      0x08001ca8        0x0 /usr/local/gcc-arm-none-eabi-5_3-2016q1/bin/../lib/gcc/arm-none-eabi/5.3.1/armv6-m/crtbegin.o

.data           0x20000000       0x10 load address 0x08001ca8
                0x20000000                . = ALIGN (0x4)
                0x20000000                _sdata = .
                0x20000000                _data = .
 *(.data)
 .data          0x20000000       0x10 Libraries/libstm32f0.a(stm32f0xx_rcc.o)
 *(.data.*)
 *(.RAMtext)
                0x20000010                . = ALIGN (0x4)
                0x20000010                _edata = .

.igot.plt       0x20000010        0x0 load address 0x08001cb8
 .igot.plt      0x20000010        0x0 /usr/local/gcc-arm-none-eabi-5_3-2016q1/bin/../lib/gcc/arm-none-eabi/5.3.1/armv6-m/crtbegin.o

.bss            0x20000010       0x14 load address 0x08001cb8
                0x20000010                . = ALIGN (0x4)
                0x20000010                _sbss = .
                0x20000010                _bss = .
 *(.bss)
 *(.bss.*)
 .bss.CaptureNumber
                0x20000010        0x2 /tmp/ccKUwpT9.o
                0x20000010                CaptureNumber
 *fill*         0x20000012        0x2 
 .bss.Capture   0x20000014        0x4 /tmp/ccKUwpT9.o
                0x20000014                Capture
 .bss.distanceReading
                0x20000018        0x4 /tmp/ccKUwpT9.o
                0x20000018                distanceReading
 .bss.prevDistance
                0x2000001c        0x4 /tmp/ccKUwpT9.o
                0x2000001c                prevDistance
 .bss.IC3ReadValue2
                0x20000020        0x2 /tmp/ccKUwpT9.o
                0x20000020                IC3ReadValue2
 .bss.IC3ReadValue1
                0x20000022        0x2 /tmp/ccKUwpT9.o
                0x20000022                IC3ReadValue1
 *(COMMON)
                0x20000024                . = ALIGN (0x4)
                0x20000024                _ebss = .
                0x20000024                PROVIDE (end, _ebss)
                [!provide]                PROVIDE (_end, _ebss)
                0x20000024                __exidx_start = .
                0x20000024                __exidx_end = .

/DISCARD/
 libc.a(*)
 libm.a(*)
 libgcc.a(*)

.stab
 *(.stab)

.stabstr
 *(.stabstr)

.stab.excl
 *(.stab.excl)

.stab.exclstr
 *(.stab.exclstr)

.stab.index
 *(.stab.index)

.stab.indexstr
 *(.stab.indexstr)

.comment        0x00000000       0x6e
 *(.comment)
 .comment       0x00000000       0x6e /tmp/ccKUwpT9.o
                                 0x6f (size before relaxing)
 .comment       0x0000006e       0x6f /tmp/ccnxjVCb.o
 .comment       0x0000006e       0x6f /tmp/ccootoxi.o
 .comment       0x0000006e       0x6f Libraries/libstm32f0.a(stm32f0xx_gpio.o)
 .comment       0x0000006e       0x6f Libraries/libstm32f0.a(stm32f0xx_misc.o)
 .comment       0x0000006e       0x6f Libraries/libstm32f0.a(stm32f0xx_rcc.o)
 .comment       0x0000006e       0x6f Libraries/libstm32f0.a(stm32f0xx_tim.o)

.ARM.attributes
                0x00000000       0x28
 .ARM.attributes
                0x00000000       0x1e /usr/local/gcc-arm-none-eabi-5_3-2016q1/bin/../lib/gcc/arm-none-eabi/5.3.1/armv6-m/crti.o
 .ARM.attributes
                0x0000001e       0x2c /usr/local/gcc-arm-none-eabi-5_3-2016q1/bin/../lib/gcc/arm-none-eabi/5.3.1/../../../../arm-none-eabi/lib/armv6-m/libc.a(lib_a-init.o)
 .ARM.attributes
                0x0000004a       0x31 /tmp/ccKUwpT9.o
 .ARM.attributes
                0x0000007b       0x31 /tmp/ccnxjVCb.o
 .ARM.attributes
                0x000000ac       0x31 /tmp/ccootoxi.o
 .ARM.attributes
                0x000000dd       0x21 /tmp/cctLA6zn.o
 .ARM.attributes
                0x000000fe       0x31 Libraries/libstm32f0.a(stm32f0xx_gpio.o)
 .ARM.attributes
                0x0000012f       0x31 Libraries/libstm32f0.a(stm32f0xx_misc.o)
 .ARM.attributes
                0x00000160       0x31 Libraries/libstm32f0.a(stm32f0xx_rcc.o)
 .ARM.attributes
                0x00000191       0x31 Libraries/libstm32f0.a(stm32f0xx_tim.o)
 .ARM.attributes
                0x000001c2       0x1e /usr/local/gcc-arm-none-eabi-5_3-2016q1/bin/../lib/gcc/arm-none-eabi/5.3.1/armv6-m/libgcc.a(_udivsi3.o)
 .ARM.attributes
                0x000001e0       0x1e /usr/local/gcc-arm-none-eabi-5_3-2016q1/bin/../lib/gcc/arm-none-eabi/5.3.1/armv6-m/libgcc.a(_dvmd_tls.o)
 .ARM.attributes
                0x000001fe       0x1e /usr/local/gcc-arm-none-eabi-5_3-2016q1/bin/../lib/gcc/arm-none-eabi/5.3.1/armv6-m/crtn.o

.debug
 *(.debug)

.line
 *(.line)

.debug_srcinfo
 *(.debug_srcinfo)

.debug_sfnames
 *(.debug_sfnames)

.debug_aranges  0x00000000      0x190
 *(.debug_aranges)
 .debug_aranges
                0x00000000       0x70 /tmp/ccKUwpT9.o
 .debug_aranges
                0x00000070       0x28 /tmp/ccnxjVCb.o
 .debug_aranges
                0x00000098       0x50 /tmp/ccootoxi.o
 .debug_aranges
                0x000000e8       0x28 /tmp/cctLA6zn.o
 .debug_aranges
                0x00000110       0x20 Libraries/libstm32f0.a(stm32f0xx_gpio.o)
 .debug_aranges
                0x00000130       0x20 Libraries/libstm32f0.a(stm32f0xx_misc.o)
 .debug_aranges
                0x00000150       0x20 Libraries/libstm32f0.a(stm32f0xx_rcc.o)
 .debug_aranges
                0x00000170       0x20 Libraries/libstm32f0.a(stm32f0xx_tim.o)

.debug_pubnames
 *(.debug_pubnames)

.debug_info     0x00000000     0x4cc8
 *(.debug_info .gnu.linkonce.wi.*)
 .debug_info    0x00000000      0xc85 /tmp/ccKUwpT9.o
 .debug_info    0x00000c85      0x2f5 /tmp/ccnxjVCb.o
 .debug_info    0x00000f7a      0x528 /tmp/ccootoxi.o
 .debug_info    0x000014a2       0x78 /tmp/cctLA6zn.o
 .debug_info    0x0000151a      0x6de Libraries/libstm32f0.a(stm32f0xx_gpio.o)
 .debug_info    0x00001bf8      0x35b Libraries/libstm32f0.a(stm32f0xx_misc.o)
 .debug_info    0x00001f53      0xa39 Libraries/libstm32f0.a(stm32f0xx_rcc.o)
 .debug_info    0x0000298c     0x233c Libraries/libstm32f0.a(stm32f0xx_tim.o)

.debug_abbrev   0x00000000      0xd23
 *(.debug_abbrev)
 .debug_abbrev  0x00000000      0x236 /tmp/ccKUwpT9.o
 .debug_abbrev  0x00000236      0x131 /tmp/ccnxjVCb.o
 .debug_abbrev  0x00000367      0x151 /tmp/ccootoxi.o
 .debug_abbrev  0x000004b8       0x12 /tmp/cctLA6zn.o
 .debug_abbrev  0x000004ca      0x1c2 Libraries/libstm32f0.a(stm32f0xx_gpio.o)
 .debug_abbrev  0x0000068c      0x156 Libraries/libstm32f0.a(stm32f0xx_misc.o)
 .debug_abbrev  0x000007e2      0x2b0 Libraries/libstm32f0.a(stm32f0xx_rcc.o)
 .debug_abbrev  0x00000a92      0x291 Libraries/libstm32f0.a(stm32f0xx_tim.o)

.debug_line     0x00000000     0x15b7
 *(.debug_line)
 .debug_line    0x00000000      0x398 /tmp/ccKUwpT9.o
 .debug_line    0x00000398      0x179 /tmp/ccnxjVCb.o
 .debug_line    0x00000511      0x1f7 /tmp/ccootoxi.o
 .debug_line    0x00000708       0x7d /tmp/cctLA6zn.o
 .debug_line    0x00000785      0x1ec Libraries/libstm32f0.a(stm32f0xx_gpio.o)
 .debug_line    0x00000971      0x173 Libraries/libstm32f0.a(stm32f0xx_misc.o)
 .debug_line    0x00000ae4      0x357 Libraries/libstm32f0.a(stm32f0xx_rcc.o)
 .debug_line    0x00000e3b      0x77c Libraries/libstm32f0.a(stm32f0xx_tim.o)

.debug_frame    0x00000000      0xca8
 *(.debug_frame)
 .debug_frame   0x00000000       0x2c /usr/local/gcc-arm-none-eabi-5_3-2016q1/bin/../lib/gcc/arm-none-eabi/5.3.1/../../../../arm-none-eabi/lib/armv6-m/libc.a(lib_a-init.o)
 .debug_frame   0x0000002c      0x104 /tmp/ccKUwpT9.o
 .debug_frame   0x00000130       0x48 /tmp/ccnxjVCb.o
 .debug_frame   0x00000178       0xbc /tmp/ccootoxi.o
 .debug_frame   0x00000234      0x110 Libraries/libstm32f0.a(stm32f0xx_gpio.o)
 .debug_frame   0x00000344       0x4c Libraries/libstm32f0.a(stm32f0xx_misc.o)
 .debug_frame   0x00000390      0x298 Libraries/libstm32f0.a(stm32f0xx_rcc.o)
 .debug_frame   0x00000628      0x660 Libraries/libstm32f0.a(stm32f0xx_tim.o)
 .debug_frame   0x00000c88       0x20 /usr/local/gcc-arm-none-eabi-5_3-2016q1/bin/../lib/gcc/arm-none-eabi/5.3.1/armv6-m/libgcc.a(_udivsi3.o)

.debug_str      0x00000000     0x1c9f
 *(.debug_str)
 .debug_str     0x00000000      0x935 /tmp/ccKUwpT9.o
                                0x993 (size before relaxing)
 .debug_str     0x00000935       0xb1 /tmp/ccnxjVCb.o
                                0x2b7 (size before relaxing)
 .debug_str     0x000009e6       0x98 /tmp/ccootoxi.o
                                0x3b6 (size before relaxing)
 .debug_str     0x00000a7e      0x262 Libraries/libstm32f0.a(stm32f0xx_gpio.o)
                                0x4ce (size before relaxing)
 .debug_str     0x00000ce0      0x104 Libraries/libstm32f0.a(stm32f0xx_misc.o)
                                0x32d (size before relaxing)
 .debug_str     0x00000de4      0x47a Libraries/libstm32f0.a(stm32f0xx_rcc.o)
                                0x751 (size before relaxing)
 .debug_str     0x0000125e      0xa41 Libraries/libstm32f0.a(stm32f0xx_tim.o)
                                0xe1d (size before relaxing)

.debug_loc      0x00000000     0x3157
 *(.debug_loc)
 .debug_loc     0x00000000       0x2c /tmp/ccKUwpT9.o
 .debug_loc     0x0000002c       0xdc /tmp/ccnxjVCb.o
 .debug_loc     0x00000108      0x172 /tmp/ccootoxi.o
 .debug_loc     0x0000027a      0x3d0 Libraries/libstm32f0.a(stm32f0xx_gpio.o)
 .debug_loc     0x0000064a       0xb9 Libraries/libstm32f0.a(stm32f0xx_misc.o)
 .debug_loc     0x00000703      0x943 Libraries/libstm32f0.a(stm32f0xx_rcc.o)
 .debug_loc     0x00001046     0x2111 Libraries/libstm32f0.a(stm32f0xx_tim.o)

.debug_macinfo
 *(.debug_macinfo)

.debug_weaknames
 *(.debug_weaknames)

.debug_funcnames
 *(.debug_funcnames)

.debug_typenames
 *(.debug_typenames)

.debug_varnames
 *(.debug_varnames)
OUTPUT(main.elf elf32-littlearm)

.debug_ranges   0x00000000      0x330
 .debug_ranges  0x00000000       0x60 /tmp/ccKUwpT9.o
 .debug_ranges  0x00000060       0x18 /tmp/ccnxjVCb.o
 .debug_ranges  0x00000078       0x40 /tmp/ccootoxi.o
 .debug_ranges  0x000000b8       0x20 /tmp/cctLA6zn.o
 .debug_ranges  0x000000d8       0x20 Libraries/libstm32f0.a(stm32f0xx_rcc.o)
 .debug_ranges  0x000000f8      0x238 Libraries/libstm32f0.a(stm32f0xx_tim.o)
