Archive member included to satisfy reference by file (symbol)

Libraries/libstm32f0.a(stm32f0xx_gpio.o)
                              /tmp/cciYMT6X.o (GPIO_Init)
Libraries/libstm32f0.a(stm32f0xx_misc.o)
                              /tmp/cciYMT6X.o (NVIC_Init)
Libraries/libstm32f0.a(stm32f0xx_rcc.o)
                              /tmp/cciYMT6X.o (RCC_AHBPeriphClockCmd)
Libraries/libstm32f0.a(stm32f0xx_tim.o)
                              /tmp/cciYMT6X.o (TIM_Cmd)
/usr/lib/gcc/arm-none-eabi/5.4.1/armv6-m/libgcc.a(_udivsi3.o)
                              /tmp/cciYMT6X.o (__aeabi_uidiv)
/usr/lib/gcc/arm-none-eabi/5.4.1/armv6-m/libgcc.a(_dvmd_tls.o)
                              /usr/lib/gcc/arm-none-eabi/5.4.1/armv6-m/libgcc.a(_udivsi3.o) (__aeabi_idiv0)
/usr/lib/gcc/arm-none-eabi/5.4.1/../../../arm-none-eabi/lib/armv6-m/libg.a(lib_a-atexit.o)
                              /usr/lib/gcc/arm-none-eabi/5.4.1/../../../arm-none-eabi/lib/armv6-m/crt0.o (atexit)
/usr/lib/gcc/arm-none-eabi/5.4.1/../../../arm-none-eabi/lib/armv6-m/libg.a(lib_a-exit.o)
                              /usr/lib/gcc/arm-none-eabi/5.4.1/../../../arm-none-eabi/lib/armv6-m/crt0.o (exit)
/usr/lib/gcc/arm-none-eabi/5.4.1/../../../arm-none-eabi/lib/armv6-m/libg.a(lib_a-fini.o)
                              /usr/lib/gcc/arm-none-eabi/5.4.1/../../../arm-none-eabi/lib/armv6-m/crt0.o (__libc_fini_array)
/usr/lib/gcc/arm-none-eabi/5.4.1/../../../arm-none-eabi/lib/armv6-m/libg.a(lib_a-impure.o)
                              /usr/lib/gcc/arm-none-eabi/5.4.1/../../../arm-none-eabi/lib/armv6-m/libg.a(lib_a-exit.o) (_global_impure_ptr)
/usr/lib/gcc/arm-none-eabi/5.4.1/../../../arm-none-eabi/lib/armv6-m/libg.a(lib_a-init.o)
                              /usr/lib/gcc/arm-none-eabi/5.4.1/../../../arm-none-eabi/lib/armv6-m/crt0.o (__libc_init_array)
/usr/lib/gcc/arm-none-eabi/5.4.1/../../../arm-none-eabi/lib/armv6-m/libg.a(lib_a-memset.o)
                              /usr/lib/gcc/arm-none-eabi/5.4.1/../../../arm-none-eabi/lib/armv6-m/crt0.o (memset)
/usr/lib/gcc/arm-none-eabi/5.4.1/../../../arm-none-eabi/lib/armv6-m/libg.a(lib_a-sprintf.o)
                              /tmp/cciYMT6X.o (sprintf)
/usr/lib/gcc/arm-none-eabi/5.4.1/../../../arm-none-eabi/lib/armv6-m/libg.a(lib_a-svfprintf.o)
                              /usr/lib/gcc/arm-none-eabi/5.4.1/../../../arm-none-eabi/lib/armv6-m/libg.a(lib_a-sprintf.o) (_svfprintf_r)
/usr/lib/gcc/arm-none-eabi/5.4.1/../../../arm-none-eabi/lib/armv6-m/libg.a(lib_a-__atexit.o)
                              /usr/lib/gcc/arm-none-eabi/5.4.1/../../../arm-none-eabi/lib/armv6-m/libg.a(lib_a-atexit.o) (__register_exitproc)
/usr/lib/gcc/arm-none-eabi/5.4.1/../../../arm-none-eabi/lib/armv6-m/libg.a(lib_a-__call_atexit.o)
                              /usr/lib/gcc/arm-none-eabi/5.4.1/../../../arm-none-eabi/lib/armv6-m/libg.a(lib_a-exit.o) (__call_exitprocs)
/usr/lib/gcc/arm-none-eabi/5.4.1/../../../arm-none-eabi/lib/armv6-m/libg.a(lib_a-dtoa.o)
                              /usr/lib/gcc/arm-none-eabi/5.4.1/../../../arm-none-eabi/lib/armv6-m/libg.a(lib_a-svfprintf.o) (_dtoa_r)
/usr/lib/gcc/arm-none-eabi/5.4.1/../../../arm-none-eabi/lib/armv6-m/libg.a(lib_a-locale.o)
                              /usr/lib/gcc/arm-none-eabi/5.4.1/../../../arm-none-eabi/lib/armv6-m/libg.a(lib_a-svfprintf.o) (_localeconv_r)
/usr/lib/gcc/arm-none-eabi/5.4.1/../../../arm-none-eabi/lib/armv6-m/libg.a(lib_a-mallocr.o)
                              /usr/lib/gcc/arm-none-eabi/5.4.1/../../../arm-none-eabi/lib/armv6-m/libg.a(lib_a-svfprintf.o) (_malloc_r)
/usr/lib/gcc/arm-none-eabi/5.4.1/../../../arm-none-eabi/lib/armv6-m/libg.a(lib_a-memchr-stub.o)
                              /usr/lib/gcc/arm-none-eabi/5.4.1/../../../arm-none-eabi/lib/armv6-m/libg.a(lib_a-svfprintf.o) (memchr)
/usr/lib/gcc/arm-none-eabi/5.4.1/../../../arm-none-eabi/lib/armv6-m/libg.a(lib_a-memcpy-stub.o)
                              /usr/lib/gcc/arm-none-eabi/5.4.1/../../../arm-none-eabi/lib/armv6-m/libg.a(lib_a-dtoa.o) (memcpy)
/usr/lib/gcc/arm-none-eabi/5.4.1/../../../arm-none-eabi/lib/armv6-m/libg.a(lib_a-mlock.o)
                              /usr/lib/gcc/arm-none-eabi/5.4.1/../../../arm-none-eabi/lib/armv6-m/libg.a(lib_a-mallocr.o) (__malloc_lock)
/usr/lib/gcc/arm-none-eabi/5.4.1/../../../arm-none-eabi/lib/armv6-m/libg.a(lib_a-mprec.o)
                              /usr/lib/gcc/arm-none-eabi/5.4.1/../../../arm-none-eabi/lib/armv6-m/libg.a(lib_a-dtoa.o) (_Balloc)
/usr/lib/gcc/arm-none-eabi/5.4.1/../../../arm-none-eabi/lib/armv6-m/libg.a(lib_a-sbrkr.o)
                              /usr/lib/gcc/arm-none-eabi/5.4.1/../../../arm-none-eabi/lib/armv6-m/libg.a(lib_a-mallocr.o) (_sbrk_r)
/usr/lib/gcc/arm-none-eabi/5.4.1/../../../arm-none-eabi/lib/armv6-m/libg.a(lib_a-strcmp.o)
                              /usr/lib/gcc/arm-none-eabi/5.4.1/../../../arm-none-eabi/lib/armv6-m/libg.a(lib_a-locale.o) (strcmp)
[...]
Memory Configuration

Name             Origin             Length             Attributes
FLASH            0x0000000008000000 0x0000000000010000 xr
RAM              0x0000000020000000 0x0000000000002000 xrw
*default*        0x0000000000000000 0xffffffffffffffff

Linker script and memory map

LOAD /usr/lib/gcc/arm-none-eabi/5.4.1/armv6-m/crti.o
LOAD /usr/lib/gcc/arm-none-eabi/5.4.1/armv6-m/crtbegin.o
LOAD /usr/lib/gcc/arm-none-eabi/5.4.1/../../../arm-none-eabi/lib/armv6-m/crt0.o
LOAD /tmp/cciYMT6X.o
LOAD /tmp/ccwD2kAC.o
LOAD /tmp/ccEukedh.o
LOAD /tmp/ccNLt4QV.o
LOAD Libraries/libstm32f0.a
START GROUP
LOAD /usr/lib/gcc/arm-none-eabi/5.4.1/armv6-m/libgcc.a
LOAD /usr/lib/gcc/arm-none-eabi/5.4.1/../../../arm-none-eabi/lib/armv6-m/libg.a
LOAD /usr/lib/gcc/arm-none-eabi/5.4.1/../../../arm-none-eabi/lib/armv6-m/libc.a
END GROUP
LOAD /usr/lib/gcc/arm-none-eabi/5.4.1/armv6-m/crtend.o
LOAD /usr/lib/gcc/arm-none-eabi/5.4.1/armv6-m/crtn.o
                0x0000000020002000                _estack = 0x20002000

.isr_vector     0x0000000008000000       0xc4
                0x0000000008000000                . = ALIGN (0x4)
 *(.isr_vector)
 .isr_vector    0x0000000008000000       0xc4 /tmp/ccNLt4QV.o
                0x0000000008000000                g_pfnVectors
                0x00000000080000c4                . = ALIGN (0x4)

.text           0x00000000080000c4     0x1be4
                0x00000000080000c4                . = ALIGN (0x4)
 *(.text)
 .text          0x00000000080000c4      0x208 Libraries/libstm32f0.a(stm32f0xx_gpio.o)
                0x00000000080000c4                GPIO_DeInit
                0x0000000008000168                GPIO_Init
                0x0000000008000224                GPIO_StructInit
                0x000000000800023c                GPIO_PinLockConfig
                0x0000000008000260                GPIO_ReadInputDataBit
                0x0000000008000270                GPIO_ReadInputData
                0x0000000008000278                GPIO_ReadOutputDataBit
                0x0000000008000288                GPIO_ReadOutputData
                0x0000000008000290                GPIO_SetBits
                0x0000000008000294                GPIO_ResetBits
                0x0000000008000298                GPIO_WriteBit
                0x00000000080002a4                GPIO_Write
                0x00000000080002a8                GPIO_PinAFConfig
 .text          0x00000000080002cc       0x94 Libraries/libstm32f0.a(stm32f0xx_misc.o)
                0x00000000080002cc                NVIC_Init
                0x0000000008000328                NVIC_SystemLPConfig
                0x0000000008000340                SysTick_CLKSourceConfig
 .text          0x0000000008000360      0x56c Libraries/libstm32f0.a(stm32f0xx_rcc.o)
                0x0000000008000360                RCC_DeInit
                0x00000000080003c0                RCC_HSEConfig
                0x00000000080003d0                RCC_WaitForHSEStartUp
                0x000000000800040c                RCC_AdjustHSICalibrationValue
                0x0000000008000420                RCC_HSICmd
                0x0000000008000440                RCC_AdjustHSI14CalibrationValue
                0x0000000008000454                RCC_HSI14Cmd
                0x0000000008000474                RCC_HSI14ADCRequestCmd
                0x0000000008000494                RCC_LSEConfig
                0x00000000080004b4                RCC_LSEDriveConfig
                0x00000000080004cc                RCC_LSICmd
                0x00000000080004ec                RCC_PLLConfig
                0x000000000800050c                RCC_PLLCmd
                0x0000000008000530                RCC_PREDIV1Config
                0x0000000008000544                RCC_ClockSecuritySystemCmd
                0x0000000008000568                RCC_MCOConfig
                0x0000000008000574                RCC_SYSCLKConfig
                0x0000000008000588                RCC_GetSYSCLKSource
                0x0000000008000598                RCC_HCLKConfig
                0x00000000080005ac                RCC_PCLKConfig
                0x00000000080005c4                RCC_ADCCLKConfig
                0x00000000080005f8                RCC_CECCLKConfig
                0x0000000008000610                RCC_I2CCLKConfig
                0x0000000008000628                RCC_USARTCLKConfig
                0x0000000008000640                RCC_GetClocksFreq
                0x0000000008000748                RCC_RTCCLKConfig
                0x0000000008000758                RCC_RTCCLKCmd
                0x000000000800077c                RCC_BackupResetCmd
                0x00000000080007a0                RCC_AHBPeriphClockCmd
                0x00000000080007bc                RCC_APB2PeriphClockCmd
                0x00000000080007d8                RCC_APB1PeriphClockCmd
                0x00000000080007f4                RCC_AHBPeriphResetCmd
                0x0000000008000810                RCC_APB2PeriphResetCmd
                0x000000000800082c                RCC_APB1PeriphResetCmd
                0x0000000008000848                RCC_ITConfig
                0x0000000008000864                RCC_GetFlagStatus
                0x0000000008000898                RCC_ClearFlag
                0x00000000080008ac                RCC_GetITStatus
                0x00000000080008c0                RCC_ClearITPendingBit
 .text          0x00000000080008cc      0xbe4 Libraries/libstm32f0.a(stm32f0xx_tim.o)
                0x00000000080008cc                TIM_DeInit
                0x00000000080009c4                TIM_TimeBaseInit
                0x0000000008000a60                TIM_TimeBaseStructInit
                0x0000000008000a74                TIM_PrescalerConfig
                0x0000000008000a7c                TIM_CounterModeConfig
                0x0000000008000a88                TIM_SetCounter
                0x0000000008000a8c                TIM_SetAutoreload
                0x0000000008000a90                TIM_GetCounter
                0x0000000008000a94                TIM_GetPrescaler
                0x0000000008000a9c                TIM_UpdateDisableConfig
                0x0000000008000ab4                TIM_UpdateRequestConfig
                0x0000000008000acc                TIM_ARRPreloadConfig
                0x0000000008000ae4                TIM_SelectOnePulseMode
                0x0000000008000af4                TIM_SetClockDivision
                0x0000000008000b08                TIM_Cmd
                0x0000000008000b20                TIM_BDTRConfig
                0x0000000008000b40                TIM_BDTRStructInit
                0x0000000008000b54                TIM_CtrlPWMOutputs
                0x0000000008000b70                TIM_OC1Init
                0x0000000008000bf0                TIM_OC2Init
                0x0000000008000c70                TIM_OC3Init
                0x0000000008000cf4                TIM_OC4Init
                0x0000000008000d5c                TIM_OCStructInit
                0x0000000008000d70                TIM_SelectOCxM
                0x0000000008000dbc                TIM_SetCompare1
                0x0000000008000dc0                TIM_SetCompare2
                0x0000000008000dc4                TIM_SetCompare3
                0x0000000008000dc8                TIM_SetCompare4
                0x0000000008000dcc                TIM_ForcedOC1Config
                0x0000000008000dd8                TIM_ForcedOC2Config
                0x0000000008000dec                TIM_ForcedOC3Config
                0x0000000008000df8                TIM_ForcedOC4Config
                0x0000000008000e0c                TIM_CCPreloadControl
                0x0000000008000e24                TIM_OC1PreloadConfig
                0x0000000008000e30                TIM_OC2PreloadConfig
                0x0000000008000e44                TIM_OC3PreloadConfig
                0x0000000008000e50                TIM_OC4PreloadConfig
                0x0000000008000e64                TIM_OC1FastConfig
                0x0000000008000e70                TIM_OC2FastConfig
                0x0000000008000e84                TIM_OC3FastConfig
                0x0000000008000e90                TIM_OC4FastConfig
                0x0000000008000ea4                TIM_ClearOC1Ref
                0x0000000008000eb0                TIM_ClearOC2Ref
                0x0000000008000ec0                TIM_ClearOC3Ref
                0x0000000008000ecc                TIM_ClearOC4Ref
                0x0000000008000edc                TIM_OC1PolarityConfig
                0x0000000008000ee8                TIM_OC1NPolarityConfig
                0x0000000008000ef4                TIM_OC2PolarityConfig
                0x0000000008000f04                TIM_OC2NPolarityConfig
                0x0000000008000f14                TIM_OC3PolarityConfig
                0x0000000008000f28                TIM_OC3NPolarityConfig
                0x0000000008000f3c                TIM_OC4PolarityConfig
                0x0000000008000f50                TIM_SelectOCREFClear
                0x0000000008000f60                TIM_CCxCmd
                0x0000000008000f78                TIM_CCxNCmd
                0x0000000008000f90                TIM_SelectCOM
                0x0000000008000fa8                TIM_ICInit
                0x00000000080010f4                TIM_ICStructInit
                0x0000000008001104                TIM_PWMIConfig
                0x000000000800125c                TIM_GetCapture1
                0x0000000008001260                TIM_GetCapture2
                0x0000000008001264                TIM_GetCapture3
                0x0000000008001268                TIM_GetCapture4
                0x000000000800126c                TIM_SetIC1Prescaler
                0x000000000800127c                TIM_SetIC2Prescaler
                0x0000000008001294                TIM_SetIC3Prescaler
                0x00000000080012a4                TIM_SetIC4Prescaler
                0x00000000080012bc                TIM_GenerateEvent
                0x00000000080012c0                TIM_GetFlagStatus
                0x00000000080012d0                TIM_ClearFlag
                0x00000000080012d8                TIM_GetITStatus
                0x00000000080012f0                TIM_ClearITPendingBit
                0x00000000080012f8                TIM_DMAConfig
                0x0000000008001300                TIM_DMACmd
                0x0000000008001314                TIM_ITConfig
                0x000000000800131c                TIM_SelectCCDMA
                0x0000000008001334                TIM_InternalClockConfig
                0x0000000008001340                TIM_ITRxExternalClockConfig
                0x0000000008001354                TIM_TIxExternalClockConfig
                0x00000000080013cc                TIM_ETRClockMode1Config
                0x00000000080013ec                TIM_ETRClockMode2Config
                0x000000000800140c                TIM_SelectInputTrigger
                0x0000000008001418                TIM_SelectOutputTrigger
                0x0000000008001428                TIM_SelectSlaveMode
                0x0000000008001438                TIM_SelectMasterSlaveMode
                0x0000000008001448                TIM_ETRConfig
                0x0000000008001460                TIM_EncoderInterfaceConfig
                0x0000000008001490                TIM_SelectHallSensor
                0x00000000080014a8                TIM_RemapConfig
 .text          0x00000000080014b0      0x114 /usr/lib/gcc/arm-none-eabi/5.4.1/armv6-m/libgcc.a(_udivsi3.o)
                0x00000000080014b0                __udivsi3
                0x00000000080014b0                __aeabi_uidiv
                0x00000000080015bc                __aeabi_uidivmod
 .text          0x00000000080015c4        0x4 /usr/lib/gcc/arm-none-eabi/5.4.1/armv6-m/libgcc.a(_dvmd_tls.o)
                0x00000000080015c4                __aeabi_ldiv0
                0x00000000080015c4                __aeabi_idiv0
 .text          0x00000000080015c8       0x48 /usr/lib/gcc/arm-none-eabi/5.4.1/../../../arm-none-eabi/lib/armv6-m/libg.a(lib_a-init.o)
                0x00000000080015c8                __libc_init_array
 *(.text.*)
 .text.initTimer1
                0x0000000008001610       0x90 /tmp/cciYMT6X.o
                0x0000000008001610                initTimer1
 .text.initTimer2
                0x00000000080016a0       0xbc /tmp/cciYMT6X.o
                0x00000000080016a0                initTimer2
 .text.initTimer3
                0x000000000800175c       0x88 /tmp/cciYMT6X.o
                0x000000000800175c                initTimer3
 .text.initButtons
                0x00000000080017e4       0x58 /tmp/cciYMT6X.o
                0x00000000080017e4                initButtons
 .text.delay    0x000000000800183c       0x28 /tmp/cciYMT6X.o
                0x000000000800183c                delay
 .text.displayLCD
                0x0000000008001864       0x30 /tmp/cciYMT6X.o
                0x0000000008001864                displayLCD
 .text.startup.main
                0x0000000008001894       0x34 /tmp/cciYMT6X.o
                0x0000000008001894                main
 .text.TIM1_CC_IRQHandler
                0x00000000080018c8       0x94 /tmp/cciYMT6X.o
                0x00000000080018c8                TIM1_CC_IRQHandler
 .text.SystemInit
                0x000000000800195c       0xb8 /tmp/ccwD2kAC.o
                0x000000000800195c                SystemInit
 .text.delay    0x0000000008001a14       0x20 /tmp/ccEukedh.o
 .text.pulse_strobe
                0x0000000008001a34       0x30 /tmp/ccEukedh.o
 .text.lcd_put  0x0000000008001a64       0xf8 /tmp/ccEukedh.o
 .text.lcd_string
                0x0000000008001b5c       0x18 /tmp/ccEukedh.o
                0x0000000008001b5c                lcd_string
 .text.lcd_command
                0x0000000008001b74       0x14 /tmp/ccEukedh.o
                0x0000000008001b74                lcd_command
 .text.lcd_init
                0x0000000008001b88       0x9c /tmp/ccEukedh.o
                0x0000000008001b88                lcd_init
 .text.Reset_Handler
                0x0000000008001c24       0x50 /tmp/ccNLt4QV.o
                0x0000000008001c24                Reset_Handler
 .text.Default_Handler
                0x0000000008001c74        0x2 /tmp/ccNLt4QV.o
                0x0000000008001c74                HardFault_Handler
                0x0000000008001c74                ADC1_COMP_IRQHandler
                0x0000000008001c74                SysTick_Handler
                0x0000000008001c74                PVD_IRQHandler
                0x0000000008001c74                PendSV_Handler
                0x0000000008001c74                NMI_Handler
                0x0000000008001c74                I2C1_IRQHandler
                0x0000000008001c74                SPI1_IRQHandler
                0x0000000008001c74                TIM6_DAC_IRQHandler
                0x0000000008001c74                EXTI2_3_IRQHandler
                0x0000000008001c74                I2C2_IRQHandler
                0x0000000008001c74                TIM17_IRQHandler
                0x0000000008001c74                RTC_IRQHandler
                0x0000000008001c74                TIM16_IRQHandler
                0x0000000008001c74                TIM3_IRQHandler
                0x0000000008001c74                EXTI4_15_IRQHandler
                0x0000000008001c74                RCC_IRQHandler
                0x0000000008001c74                DMA1_Channel1_IRQHandler
                0x0000000008001c74                Default_Handler
                0x0000000008001c74                CEC_IRQHandler
                0x0000000008001c74                TIM14_IRQHandler
                0x0000000008001c74                DMA1_Channel4_5_IRQHandler
                0x0000000008001c74                TIM15_IRQHandler
                0x0000000008001c74                EXTI0_1_IRQHandler
                0x0000000008001c74                SPI2_IRQHandler
                0x0000000008001c74                SVC_Handler
                0x0000000008001c74                TS_IRQHandler
                0x0000000008001c74                WWDG_IRQHandler
                0x0000000008001c74                TIM2_IRQHandler
                0x0000000008001c74                DMA1_Channel2_3_IRQHandler
                0x0000000008001c74                USART2_IRQHandler
                0x0000000008001c74                FLASH_IRQHandler
                0x0000000008001c74                USART1_IRQHandler
                0x0000000008001c74                TIM1_BRK_UP_TRG_COM_IRQHandler
 *(.rodata)
 *(.rodata*)
 .rodata.str1.1
                0x0000000008001c76       0x1a /tmp/cciYMT6X.o
 *(.glue_7)
 .glue_7        0x0000000008001c90        0x0 linker stubs
 *(.glue_7t)
 .glue_7t       0x0000000008001c90        0x0 linker stubs
 *(.init)
 .init          0x0000000008001c90        0x4 /usr/lib/gcc/arm-none-eabi/5.4.1/armv6-m/crti.o
                0x0000000008001c90                _init
 .init          0x0000000008001c94        0x8 /usr/lib/gcc/arm-none-eabi/5.4.1/armv6-m/crtn.o
 *(.fini)
 .fini          0x0000000008001c9c        0x4 /usr/lib/gcc/arm-none-eabi/5.4.1/armv6-m/crti.o
                0x0000000008001c9c                _fini
 .fini          0x0000000008001ca0        0x8 /usr/lib/gcc/arm-none-eabi/5.4.1/armv6-m/crtn.o
                0x0000000008001ca8                . = ALIGN (0x4)
                0x0000000008001ca8                _etext = .
                0x0000000008001ca8                _sidata = _etext

.vfp11_veneer   0x0000000008001ca8        0x0
 .vfp11_veneer  0x0000000008001ca8        0x0 linker stubs

.v4_bx          0x0000000008001ca8        0x0
 .v4_bx         0x0000000008001ca8        0x0 linker stubs

.iplt           0x0000000008001ca8        0x0
 .iplt          0x0000000008001ca8        0x0 /usr/lib/gcc/arm-none-eabi/5.4.1/armv6-m/crtbegin.o

.rel.dyn        0x0000000008001ca8        0x0
 .rel.iplt      0x0000000008001ca8        0x0 /usr/lib/gcc/arm-none-eabi/5.4.1/armv6-m/crtbegin.o

.data           0x0000000020000000       0x10 load address 0x0000000008001ca8
                0x0000000020000000                . = ALIGN (0x4)
                0x0000000020000000                _sdata = .
                0x0000000020000000                _data = .
 *(.data)
 .data          0x0000000020000000       0x10 Libraries/libstm32f0.a(stm32f0xx_rcc.o)
 *(.data.*)
 *(.RAMtext)
                0x0000000020000010                . = ALIGN (0x4)
                0x0000000020000010                _edata = .

.igot.plt       0x0000000020000010        0x0 load address 0x0000000008001cb8
 .igot.plt      0x0000000020000010        0x0 /usr/lib/gcc/arm-none-eabi/5.4.1/armv6-m/crtbegin.o

.bss            0x0000000020000010       0x14 load address 0x0000000008001cb8
                0x0000000020000010                . = ALIGN (0x4)
                0x0000000020000010                _sbss = .
                0x0000000020000010                _bss = .
 *(.bss)
 *(.bss.*)
 .bss.CaptureNumber
                0x0000000020000010        0x2 /tmp/cciYMT6X.o
                0x0000000020000010                CaptureNumber
 *fill*         0x0000000020000012        0x2 
 .bss.Capture   0x0000000020000014        0x4 /tmp/cciYMT6X.o
                0x0000000020000014                Capture
 .bss.distanceReading
                0x0000000020000018        0x4 /tmp/cciYMT6X.o
                0x0000000020000018                distanceReading
 .bss.prevDistance
                0x000000002000001c        0x4 /tmp/cciYMT6X.o
                0x000000002000001c                prevDistance
 .bss.IC3ReadValue2
                0x0000000020000020        0x2 /tmp/cciYMT6X.o
                0x0000000020000020                IC3ReadValue2
 .bss.IC3ReadValue1
                0x0000000020000022        0x2 /tmp/cciYMT6X.o
                0x0000000020000022                IC3ReadValue1
 *(COMMON)
                0x0000000020000024                . = ALIGN (0x4)
                0x0000000020000024                _ebss = .
                [!provide]                        PROVIDE (end, _ebss)
                [!provide]                        PROVIDE (_end, _ebss)
                0x0000000020000024                __exidx_start = .
                0x0000000020000024                __exidx_end = .

/DISCARD/
 libc.a(*)
 libm.a(*)
 libgcc.a(*)

.stab
 *(.stab)

.stabstr
 *(.stabstr)

.stab.excl
 *(.stab.excl)

.stab.exclstr
 *(.stab.exclstr)

.stab.index
 *(.stab.index)

.stab.indexstr
 *(.stab.indexstr)

.comment        0x0000000000000000       0x99
 *(.comment)
 .comment       0x0000000000000000       0x2b /tmp/cciYMT6X.o
                                         0x2c (size before relaxing)
 .comment       0x000000000000002b       0x2c /tmp/ccwD2kAC.o
 .comment       0x000000000000002b       0x2c /tmp/ccEukedh.o
 .comment       0x000000000000002b       0x6e Libraries/libstm32f0.a(stm32f0xx_gpio.o)
                                         0x6f (size before relaxing)
 .comment       0x0000000000000099       0x6f Libraries/libstm32f0.a(stm32f0xx_misc.o)
 .comment       0x0000000000000099       0x6f Libraries/libstm32f0.a(stm32f0xx_rcc.o)
 .comment       0x0000000000000099       0x6f Libraries/libstm32f0.a(stm32f0xx_tim.o)
 .comment       0x0000000000000099       0x2c /usr/lib/gcc/arm-none-eabi/5.4.1/../../../arm-none-eabi/lib/armv6-m/libg.a(lib_a-init.o)

.ARM.attributes
                0x0000000000000000       0x28
 .ARM.attributes
                0x0000000000000000       0x1e /usr/lib/gcc/arm-none-eabi/5.4.1/armv6-m/crti.o
 .ARM.attributes
                0x000000000000001e       0x31 /tmp/cciYMT6X.o
 .ARM.attributes
                0x000000000000004f       0x31 /tmp/ccwD2kAC.o
 .ARM.attributes
                0x0000000000000080       0x31 /tmp/ccEukedh.o
 .ARM.attributes
                0x00000000000000b1       0x21 /tmp/ccNLt4QV.o
 .ARM.attributes
                0x00000000000000d2       0x31 Libraries/libstm32f0.a(stm32f0xx_gpio.o)
 .ARM.attributes
                0x0000000000000103       0x31 Libraries/libstm32f0.a(stm32f0xx_misc.o)
 .ARM.attributes
                0x0000000000000134       0x31 Libraries/libstm32f0.a(stm32f0xx_rcc.o)
 .ARM.attributes
                0x0000000000000165       0x31 Libraries/libstm32f0.a(stm32f0xx_tim.o)
 .ARM.attributes
                0x0000000000000196       0x1e /usr/lib/gcc/arm-none-eabi/5.4.1/armv6-m/libgcc.a(_udivsi3.o)
 .ARM.attributes
                0x00000000000001b4       0x1e /usr/lib/gcc/arm-none-eabi/5.4.1/armv6-m/libgcc.a(_dvmd_tls.o)
 .ARM.attributes
                0x00000000000001d2       0x2c /usr/lib/gcc/arm-none-eabi/5.4.1/../../../arm-none-eabi/lib/armv6-m/libg.a(lib_a-init.o)
 .ARM.attributes
                0x00000000000001fe       0x1e /usr/lib/gcc/arm-none-eabi/5.4.1/armv6-m/crtn.o

.debug
 *(.debug)

.line
 *(.line)

.debug_srcinfo
 *(.debug_srcinfo)

.debug_sfnames
 *(.debug_sfnames)

.debug_aranges  0x0000000000000000      0x1f0
 *(.debug_aranges)
 .debug_aranges
                0x0000000000000000       0x70 /tmp/cciYMT6X.o
 .debug_aranges
                0x0000000000000070       0x28 /tmp/ccwD2kAC.o
 .debug_aranges
                0x0000000000000098       0x50 /tmp/ccEukedh.o
 .debug_aranges
                0x00000000000000e8       0x28 /tmp/ccNLt4QV.o
 .debug_aranges
                0x0000000000000110       0x20 Libraries/libstm32f0.a(stm32f0xx_gpio.o)
 .debug_aranges
                0x0000000000000130       0x20 Libraries/libstm32f0.a(stm32f0xx_misc.o)
 .debug_aranges
                0x0000000000000150       0x20 Libraries/libstm32f0.a(stm32f0xx_rcc.o)
 .debug_aranges
                0x0000000000000170       0x20 Libraries/libstm32f0.a(stm32f0xx_tim.o)
 .debug_aranges
                0x0000000000000190       0x20 /usr/lib/gcc/arm-none-eabi/5.4.1/armv6-m/libgcc.a(_udivsi3.o)
 .debug_aranges
                0x00000000000001b0       0x20 /usr/lib/gcc/arm-none-eabi/5.4.1/armv6-m/libgcc.a(_dvmd_tls.o)
 .debug_aranges
                0x00000000000001d0       0x20 /usr/lib/gcc/arm-none-eabi/5.4.1/../../../arm-none-eabi/lib/armv6-m/libg.a(lib_a-init.o)

.debug_pubnames
 *(.debug_pubnames)

.debug_info     0x0000000000000000     0x4f36
 *(.debug_info .gnu.linkonce.wi.*)
 .debug_info    0x0000000000000000      0xc87 /tmp/cciYMT6X.o
 .debug_info    0x0000000000000c87      0x2f5 /tmp/ccwD2kAC.o
 .debug_info    0x0000000000000f7c      0x528 /tmp/ccEukedh.o
 .debug_info    0x00000000000014a4       0x62 /tmp/ccNLt4QV.o
 .debug_info    0x0000000000001506      0x6de Libraries/libstm32f0.a(stm32f0xx_gpio.o)
 .debug_info    0x0000000000001be4      0x35b Libraries/libstm32f0.a(stm32f0xx_misc.o)
 .debug_info    0x0000000000001f3f      0xa39 Libraries/libstm32f0.a(stm32f0xx_rcc.o)
 .debug_info    0x0000000000002978     0x233c Libraries/libstm32f0.a(stm32f0xx_tim.o)
 .debug_info    0x0000000000004cb4       0xb9 /usr/lib/gcc/arm-none-eabi/5.4.1/armv6-m/libgcc.a(_udivsi3.o)
 .debug_info    0x0000000000004d6d       0xb9 /usr/lib/gcc/arm-none-eabi/5.4.1/armv6-m/libgcc.a(_dvmd_tls.o)
 .debug_info    0x0000000000004e26      0x110 /usr/lib/gcc/arm-none-eabi/5.4.1/../../../arm-none-eabi/lib/armv6-m/libg.a(lib_a-init.o)

.debug_abbrev   0x0000000000000000      0xe05
 *(.debug_abbrev)
 .debug_abbrev  0x0000000000000000      0x236 /tmp/cciYMT6X.o
 .debug_abbrev  0x0000000000000236      0x131 /tmp/ccwD2kAC.o
 .debug_abbrev  0x0000000000000367      0x151 /tmp/ccEukedh.o
 .debug_abbrev  0x00000000000004b8       0x12 /tmp/ccNLt4QV.o
 .debug_abbrev  0x00000000000004ca      0x1c2 Libraries/libstm32f0.a(stm32f0xx_gpio.o)
 .debug_abbrev  0x000000000000068c      0x156 Libraries/libstm32f0.a(stm32f0xx_misc.o)
 .debug_abbrev  0x00000000000007e2      0x2b0 Libraries/libstm32f0.a(stm32f0xx_rcc.o)
 .debug_abbrev  0x0000000000000a92      0x291 Libraries/libstm32f0.a(stm32f0xx_tim.o)
 .debug_abbrev  0x0000000000000d23       0x14 /usr/lib/gcc/arm-none-eabi/5.4.1/armv6-m/libgcc.a(_udivsi3.o)
 .debug_abbrev  0x0000000000000d37       0x14 /usr/lib/gcc/arm-none-eabi/5.4.1/armv6-m/libgcc.a(_dvmd_tls.o)
 .debug_abbrev  0x0000000000000d4b       0xba /usr/lib/gcc/arm-none-eabi/5.4.1/../../../arm-none-eabi/lib/armv6-m/libg.a(lib_a-init.o)

.debug_line     0x0000000000000000     0x161b
 *(.debug_line)
 .debug_line    0x0000000000000000      0x31c /tmp/cciYMT6X.o
 .debug_line    0x000000000000031c      0x125 /tmp/ccwD2kAC.o
 .debug_line    0x0000000000000441      0x1a3 /tmp/ccEukedh.o
 .debug_line    0x00000000000005e4       0x7d /tmp/ccNLt4QV.o
 .debug_line    0x0000000000000661      0x1ec Libraries/libstm32f0.a(stm32f0xx_gpio.o)
 .debug_line    0x000000000000084d      0x173 Libraries/libstm32f0.a(stm32f0xx_misc.o)
 .debug_line    0x00000000000009c0      0x357 Libraries/libstm32f0.a(stm32f0xx_rcc.o)
 .debug_line    0x0000000000000d17      0x77c Libraries/libstm32f0.a(stm32f0xx_tim.o)
 .debug_line    0x0000000000001493       0x6a /usr/lib/gcc/arm-none-eabi/5.4.1/armv6-m/libgcc.a(_udivsi3.o)
 .debug_line    0x00000000000014fd       0x5e /usr/lib/gcc/arm-none-eabi/5.4.1/armv6-m/libgcc.a(_dvmd_tls.o)
 .debug_line    0x000000000000155b       0xc0 /usr/lib/gcc/arm-none-eabi/5.4.1/../../../arm-none-eabi/lib/armv6-m/libg.a(lib_a-init.o)

.debug_frame    0x0000000000000000      0xca8
 *(.debug_frame)
 .debug_frame   0x0000000000000000      0x104 /tmp/cciYMT6X.o
 .debug_frame   0x0000000000000104       0x48 /tmp/ccwD2kAC.o
 .debug_frame   0x000000000000014c       0xbc /tmp/ccEukedh.o
 .debug_frame   0x0000000000000208      0x110 Libraries/libstm32f0.a(stm32f0xx_gpio.o)
 .debug_frame   0x0000000000000318       0x4c Libraries/libstm32f0.a(stm32f0xx_misc.o)
 .debug_frame   0x0000000000000364      0x298 Libraries/libstm32f0.a(stm32f0xx_rcc.o)
 .debug_frame   0x00000000000005fc      0x660 Libraries/libstm32f0.a(stm32f0xx_tim.o)
 .debug_frame   0x0000000000000c5c       0x20 /usr/lib/gcc/arm-none-eabi/5.4.1/armv6-m/libgcc.a(_udivsi3.o)
 .debug_frame   0x0000000000000c7c       0x2c /usr/lib/gcc/arm-none-eabi/5.4.1/../../../arm-none-eabi/lib/armv6-m/libg.a(lib_a-init.o)

.debug_str      0x0000000000000000     0x1da9
 *(.debug_str)
 .debug_str     0x0000000000000000      0x8ef /tmp/cciYMT6X.o
                                        0x94d (size before relaxing)
 .debug_str     0x00000000000008ef       0xb1 /tmp/ccwD2kAC.o
                                        0x271 (size before relaxing)
 .debug_str     0x00000000000009a0       0x98 /tmp/ccEukedh.o
                                        0x370 (size before relaxing)
 .debug_str     0x0000000000000a38      0x262 Libraries/libstm32f0.a(stm32f0xx_gpio.o)
                                        0x4ce (size before relaxing)
 .debug_str     0x0000000000000c9a      0x104 Libraries/libstm32f0.a(stm32f0xx_misc.o)
                                        0x32d (size before relaxing)
 .debug_str     0x0000000000000d9e      0x47a Libraries/libstm32f0.a(stm32f0xx_rcc.o)
                                        0x751 (size before relaxing)
 .debug_str     0x0000000000001218      0xa41 Libraries/libstm32f0.a(stm32f0xx_tim.o)
                                        0xe1d (size before relaxing)
 .debug_str     0x0000000000001c59      0x150 /usr/lib/gcc/arm-none-eabi/5.4.1/../../../arm-none-eabi/lib/armv6-m/libg.a(lib_a-init.o)
                                        0x1ee (size before relaxing)

.debug_loc      0x0000000000000000     0x31db
 *(.debug_loc)
 .debug_loc     0x0000000000000000       0x2c /tmp/cciYMT6X.o
 .debug_loc     0x000000000000002c       0xdc /tmp/ccwD2kAC.o
 .debug_loc     0x0000000000000108      0x172 /tmp/ccEukedh.o
 .debug_loc     0x000000000000027a      0x3d0 Libraries/libstm32f0.a(stm32f0xx_gpio.o)
 .debug_loc     0x000000000000064a       0xb9 Libraries/libstm32f0.a(stm32f0xx_misc.o)
 .debug_loc     0x0000000000000703      0x943 Libraries/libstm32f0.a(stm32f0xx_rcc.o)
 .debug_loc     0x0000000000001046     0x2111 Libraries/libstm32f0.a(stm32f0xx_tim.o)
 .debug_loc     0x0000000000003157       0x84 /usr/lib/gcc/arm-none-eabi/5.4.1/../../../arm-none-eabi/lib/armv6-m/libg.a(lib_a-init.o)

.debug_macinfo
 *(.debug_macinfo)

.debug_weaknames
 *(.debug_weaknames)

.debug_funcnames
 *(.debug_funcnames)

.debug_typenames
 *(.debug_typenames)

.debug_varnames
 *(.debug_varnames)
OUTPUT(main.elf elf32-littlearm)

.debug_ranges   0x0000000000000000      0x330
 .debug_ranges  0x0000000000000000       0x60 /tmp/cciYMT6X.o
 .debug_ranges  0x0000000000000060       0x18 /tmp/ccwD2kAC.o
 .debug_ranges  0x0000000000000078       0x40 /tmp/ccEukedh.o
 .debug_ranges  0x00000000000000b8       0x20 /tmp/ccNLt4QV.o
 .debug_ranges  0x00000000000000d8       0x20 Libraries/libstm32f0.a(stm32f0xx_rcc.o)
 .debug_ranges  0x00000000000000f8      0x238 Libraries/libstm32f0.a(stm32f0xx_tim.o)
